-- Current revision: base
-- Target revision: 69b4a4717dadb8fe03d847e5e7eaa035

-- Revision: 554a960cad8fe24fa6b4d4da845b026d
-- Parent: base
-- Path: /Users/bogdan/sandbox/racket-north/tests/sqlite/migrations/20190127-add-users-table.sql
create table users(
  id serial primary key,
  username text not null unique,
  password_hash text not null,

  constraint users_username_is_lowercase check(username = lower(username))
);

-- Revision: d4de4db8881177a07a1c8ede7f91c56f
-- Parent: 554a960cad8fe24fa6b4d4da845b026d
-- Path: /Users/bogdan/sandbox/racket-north/tests/sqlite/migrations/20190127-add-updated-at-column.sql
alter table users add column updated_at timestamp;

-- Revision: fe716365ac516d89fa2811e5e1f1d60e
-- Parent: d4de4db8881177a07a1c8ede7f91c56f
-- Path: /Users/bogdan/sandbox/racket-north/tests/sqlite/migrations/20190127-add-created-at-column.sql
alter table users add column created_at timestamp;

-- Revision: 69b4a4717dadb8fe03d847e5e7eaa035
-- Parent: fe716365ac516d89fa2811e5e1f1d60e
-- Path: /Users/bogdan/sandbox/racket-north/tests/sqlite/migrations/20190127-add-last-login-column.sql
alter table users add column last_login timestamp;
