Current revision: 69b4a4717dadb8fe03d847e5e7eaa035
Target revision: fe716365ac516d89fa2811e5e1f1d60e
Rolling back revision: 69b4a4717dadb8fe03d847e5e7eaa035
