WARNING: Never roll back a production database!
Current revision: fe716365ac516d89fa2811e5e1f1d60e
Target revision: base

Rolling back revision: fe716365ac516d89fa2811e5e1f1d60e

Rolling back revision: d4de4db8881177a07a1c8ede7f91c56f

Rolling back revision: 554a960cad8fe24fa6b4d4da845b026d

Rolling back revision: base
