Current revision: base
Target revision: 69b4a4717dadb8fe03d847e5e7eaa035

Applying revision: base

Applying revision: 554a960cad8fe24fa6b4d4da845b026d

Applying revision: d4de4db8881177a07a1c8ede7f91c56f

Applying revision: fe716365ac516d89fa2811e5e1f1d60e

Applying revision: 69b4a4717dadb8fe03d847e5e7eaa035
