-- WARNING: Never roll back a production database!
-- Current revision: 69b4a4717dadb8fe03d847e5e7eaa035
-- Target revision: fe716365ac516d89fa2811e5e1f1d60e

-- Rolling back revision: 69b4a4717dadb8fe03d847e5e7eaa035
-- Revision: 69b4a4717dadb8fe03d847e5e7eaa035
-- Parent: fe716365ac516d89fa2811e5e1f1d60e
-- Path: /Users/bogdan/sandbox/racket-north/tests/postgres/migrations/20190127-add-last-login-column.sql
alter table users drop column last_login;
