-- Current revision: fe716365ac516d89fa2811e5e1f1d60e
-- Target revision: base
